Microchip MPLAB XC8 Compiler V1.42 ()

Linker command line:

-W-3 --edf=C:\Program Files (x86)\Microchip\xc8\v1.42\dat\en_msgs.txt -cs \
  -h+dist/default/production\demoADC.X.production.sym \
  --cmf=dist/default/production\demoADC.X.production.cmf -z -Q18F4550 \
  -oD:\ExternoKoppernikus\Temp\sgq0.2 \
  -Mdist/default/production/demoADC.X.production.map -E1 -ver=XC8 \
  -ASTACK=070h-07ffh -pstack=STACK -ACODE=00h-07FFFh -ACONST=00h-07FFFh \
  -ASMALLCONST=0800h-08FFhx120 -AMEDIUMCONST=0800h-07FFFh -ACOMRAM=01h-05Fh \
  -AABS1=00h-07FFh -ABIGRAM=01h-07FFh -ARAM=060h-0FFh,0100h-01FFhx7 \
  -ABANK0=060h-0FFh -ABANK1=0100h-01FFh -ABANK2=0200h-02FFh \
  -ABANK3=0300h-03FFh -ABANK4=0400h-04FFh -ABANK5=0500h-05FFh \
  -ABANK6=0600h-06FFh -ABANK7=0700h-07FFh -ASFR=0F60h-0FFFh \
  -preset_vec=00h,intcode=08h,intcodelo,powerup,init -pramtop=0800h \
  -psmallconst=SMALLCONST -pmediumconst=MEDIUMCONST -pconst=CONST \
  -AFARRAM=00h-00h -ACONFIG=0300000h-030000Dh -pconfig=CONFIG \
  -AIDLOC=0200000h-0200007h -pidloc=IDLOC -AEEDATA=0F00000h-0F000FFh \
  -peeprom_data=EEDATA \
  -prdata=COMRAM,nvrram=COMRAM,nvbit=COMRAM,rbss=COMRAM,rbit=COMRAM \
  -pfarbss=FARRAM,fardata=FARRAM,nvFARRAM=FARRAM \
  -pintsave_regs=BIGRAM,bigbss=BIGRAM,bigdata=BIGRAM -pbss=RAM \
  -pidata=CODE,irdata=CODE,ibigdata=CODE,ifardata=CODE -prparam=COMRAM \
  D:\ExternoKoppernikus\Temp\sgq0.obj \
  dist/default/production\demoADC.X.production.obj 

Object code version is 3.11

Machine type is 18F4550

Call graph: (short form)




                Name                               Link     Load   Length Selector   Space Scale
D:\ExternoKoppernikus\Temp\sgq0.obj
                init                                  E        E        4        4       0
                reset_vec                             0        0        4        0       0
                idloc                            200000   200000        8   200000       0
                config                           300000   300000        E   300000       0
dist/default/production\demoADC.X.production.obj
                intcode                               8        8        6        4       0
                temp                                 37       37        1        1       1
                smallconst                          800      800       62      400       0
                text16                              DFA      DFA       52      431       0
                text15                              E8E      E8E       42      431       0
                text14                              F7A      F7A        C      431       0
                text13                              9B0      9B0      11E      431       0
                text12                              F0E      F0E       20      431       0
                intcode_body                        CB2      CB2       80      431       0
                text10                              F2E      F2E       14      431       0
                text9                               F6E      F6E        C      431       0
                text8                               ED0      ED0       3E      431       0
                text7                               DA8      DA8       52      431       0
                text6                               E4C      E4C       42      431       0
                text5                               F62      F62        C      431       0
                text4                               862      862      14E      431       0
                text3                               F42      F42       12      431       0
                text2                               BE6      BE6       CC      431       0
                text1                               ACE      ACE      118      431       0
                text0                               D32      D32       76      431       0
                cstackCOMRAM                          1        1       36        1       1
                cstackBANK0                          60       60       10       60       1
                cinit                               F54      F54        E      431       0

TOTAL           Name                               Link     Load   Length     Space
        CLASS   STACK          

        CLASS   CODE           
                intcode                               8        8        6         0
                init                                  E        E        4         0
                reset_vec                             0        0        4         0
                text16                              DFA      DFA       52         0
                text15                              E8E      E8E       42         0
                text14                              F7A      F7A        C         0
                text13                              9B0      9B0      11E         0
                text12                              F0E      F0E       20         0
                intcode_body                        CB2      CB2       80         0
                text10                              F2E      F2E       14         0
                text9                               F6E      F6E        C         0
                text8                               ED0      ED0       3E         0
                text7                               DA8      DA8       52         0
                text6                               E4C      E4C       42         0
                text5                               F62      F62        C         0
                text4                               862      862      14E         0
                text3                               F42      F42       12         0
                text2                               BE6      BE6       CC         0
                text1                               ACE      ACE      118         0
                text0                               D32      D32       76         0
                cinit                               F54      F54        E         0

        CLASS   CONST          

        CLASS   SMALLCONST     
                smallconst                          800      800       62         0

        CLASS   MEDIUMCONST    

        CLASS   COMRAM         
                temp                                 37       37        1         1
                cstackCOMRAM                          1        1       36         1

        CLASS   ABS1           

        CLASS   BIGRAM         

        CLASS   RAM            

        CLASS   BANK0          
                cstackBANK0                          60       60       10         1

        CLASS   BANK1          

        CLASS   BANK2          

        CLASS   BANK3          

        CLASS   BANK4          

        CLASS   BANK5          

        CLASS   BANK6          

        CLASS   BANK7          

        CLASS   SFR            

        CLASS   FARRAM         

        CLASS   CONFIG         
                config                           300000   300000        E         0

        CLASS   IDLOC          
                idloc                            200000   200000        8         0

        CLASS   EEDATA         



SEGMENTS        Name                           Load    Length   Top    Selector   Space  Class

                reset_vec                      000000  000004  000004         0       0  CODE    
                cstackCOMRAM                   000001  000037  000038         1       1  COMRAM  
                intcode                        000008  00000A  000012         4       0  CODE    
                cstackBANK0                    000060  000010  000070        60       1  BANK0   
                smallconst                     000800  000062  000862       400       0  SMALLCON
                text4                          000862  000724  000F86       431       0  CODE    
                idloc                          200000  000008  200008    200000       0  IDLOC   
                config                         300000  00000E  30000E    300000       0  CONFIG  


UNUSED ADDRESS RANGES

        Name                Unused          Largest block    Delta
        BANK0            000070-0000FF               90
        BANK1            000100-0001FF              100
        BANK2            000200-0002FF              100
        BANK3            000300-0003FF              100
        BANK4            000400-0004FF              100
        BANK5            000500-0005FF              100
        BANK6            000600-0006FF              100
        BANK7            000700-0007FF              100
        BIGRAM           000038-00005F               28
                         000070-0007FF              790
        CODE             000004-000007                4
                         000012-0007FF              7EE
                         000F86-007FFF             707A
        COMRAM           000038-00005F               28
        CONST            000004-000007                4
                         000012-0007FF              7EE
                         000F86-007FFF             707A
        EEDATA           F00000-F000FF              100
        MEDIUMCONST      000F86-007FFF             707A
        RAM              000070-0007FF              100
        SFR              000F60-000FFF               A0
        SMALLCONST       000F86-007FFF              100
        STACK            000070-0007FF              790

                                  Symbol Table

?___aldiv                cstackCOMRAM 000029
?___lwdiv                cstackCOMRAM 000029
?___lwmod                cstackCOMRAM 000030
?_printf                 cstackBANK0  000060
?i2___lwdiv              cstackCOMRAM 000001
?i2___lwmod              cstackCOMRAM 000008
?i2_printf               cstackCOMRAM 00000D
_ADCON0                  (abs)        000FC2
_ADCON0bits              (abs)        000FC2
_ADCON1                  (abs)        000FC1
_ADCON2                  (abs)        000FC0
_ADRESH                  (abs)        000FC4
_ADRESL                  (abs)        000FC3
_BAUDCONbits             (abs)        000FB8
_INTCONbits              (abs)        000FF2
_ISR                     intcode      000008
_PIE1bits                (abs)        000F9D
_PIR1bits                (abs)        000F9E
_RCREG                   (abs)        000FAE
_RCSTAbits               (abs)        000FAB
_SPBRG                   (abs)        000FAF
_SPBRGH                  (abs)        000FB0
_TRISA                   (abs)        000F92
_TRISCbits               (abs)        000F94
_TXREG                   (abs)        000FAD
_TXSTAbits               (abs)        000FAC
__CFG_BOR$ON             (abs)        000000
__CFG_BORV$3             (abs)        000000
__CFG_CCP2MX$ON          (abs)        000000
__CFG_CP0$OFF            (abs)        000000
__CFG_CP1$OFF            (abs)        000000
__CFG_CP2$OFF            (abs)        000000
__CFG_CP3$OFF            (abs)        000000
__CFG_CPB$OFF            (abs)        000000
__CFG_CPD$OFF            (abs)        000000
__CFG_CPUDIV$OSC3_PLL4   (abs)        000000
__CFG_EBTR0$OFF          (abs)        000000
__CFG_EBTR1$OFF          (abs)        000000
__CFG_EBTR2$OFF          (abs)        000000
__CFG_EBTR3$OFF          (abs)        000000
__CFG_EBTRB$OFF          (abs)        000000
__CFG_FCMEN$OFF          (abs)        000000
__CFG_FOSC$HSPLL_HS      (abs)        000000
__CFG_ICPRT$OFF          (abs)        000000
__CFG_IESO$OFF           (abs)        000000
__CFG_LPT1OSC$OFF        (abs)        000000
__CFG_LVP$ON             (abs)        000000
__CFG_MCLRE$ON           (abs)        000000
__CFG_PBADEN$ON          (abs)        000000
__CFG_PLLDIV$5           (abs)        000000
__CFG_PWRT$OFF           (abs)        000000
__CFG_STVREN$ON          (abs)        000000
__CFG_USBDIV$1           (abs)        000000
__CFG_VREGEN$OFF         (abs)        000000
__CFG_WDT$OFF            (abs)        000000
__CFG_WDTPS$32768        (abs)        000000
__CFG_WRT0$OFF           (abs)        000000
__CFG_WRT1$OFF           (abs)        000000
__CFG_WRT2$OFF           (abs)        000000
__CFG_WRT3$OFF           (abs)        000000
__CFG_WRTB$OFF           (abs)        000000
__CFG_WRTC$OFF           (abs)        000000
__CFG_WRTD$OFF           (abs)        000000
__CFG_XINST$OFF          (abs)        000000
__HRAM                   (abs)        000000
__Habs1                  abs1         000000
__Hbank0                 bank0        000000
__Hbank1                 bank1        000000
__Hbank2                 bank2        000000
__Hbank3                 bank3        000000
__Hbank4                 bank4        000000
__Hbank5                 bank5        000000
__Hbank6                 bank6        000000
__Hbank7                 bank7        000000
__Hbigbss                bigbss       000000
__Hbigdata               bigdata      000000
__Hbigram                bigram       000000
__Hbss                   bss          000000
__Hcinit                 cinit        000000
__Hclrtext               clrtext      000000
__Hcomram                comram       000000
__Hconfig                config       30000E
__Hconst                 const        000000
__HcstackBANK0           cstackBANK0  000000
__HcstackCOMRAM          cstackCOMRAM 000000
__Hdata                  data         000000
__Heeprom_data           eeprom_data  000000
__Hfarbss                farbss       000000
__Hfardata               fardata      000000
__Hibigdata              ibigdata     000000
__Hidata                 idata        000000
__Hidloc                 idloc        200008
__Hifardata              ifardata     000000
__Hinit                  init         000012
__Hintcode               intcode      00000E
__Hintcode_body          intcode_body 000000
__Hintcodelo             intcodelo    00000E
__Hintentry              intentry     000000
__Hintret                intret       000000
__Hintsave_regs          intsave_regs 000000
__Hirdata                irdata       000000
__Hmediumconst           mediumconst  000000
__HnvFARRAM              nvFARRAM     000000
__Hnvbit                 nvbit        000000
__Hnvrram                nvrram       000000
__Hparam                 rparam       000000
__Hpowerup               powerup      00000E
__Hram                   ram          000000
__Hramtop                ramtop       000800
__Hrbit                  rbit         000000
__Hrbss                  rbss         000000
__Hrdata                 rdata        000000
__Hreset_vec             reset_vec    000004
__Hrparam                rparam       000000
__Hsfr                   sfr          000000
__Hsmallconst            smallconst   000862
__Hspace_0               (abs)        30000E
__Hspace_1               (abs)        000070
__Hspace_2               (abs)        000000
__Hstack                 stack        000000
__Hstruct                struct       000000
__Htemp                  temp         000038
__Htext                  text         000000
__Htext0                 text0        000000
__Htext1                 text1        000000
__Htext10                text10       000000
__Htext12                text12       000000
__Htext13                text13       000000
__Htext14                text14       000000
__Htext15                text15       000000
__Htext16                text16       000000
__Htext2                 text2        000000
__Htext3                 text3        000000
__Htext4                 text4        000000
__Htext5                 text5        000000
__Htext6                 text6        000000
__Htext7                 text7        000000
__Htext8                 text8        000000
__Htext9                 text9        000000
__LRAM                   (abs)        000001
__Labs1                  abs1         000000
__Lbank0                 bank0        000000
__Lbank1                 bank1        000000
__Lbank2                 bank2        000000
__Lbank3                 bank3        000000
__Lbank4                 bank4        000000
__Lbank5                 bank5        000000
__Lbank6                 bank6        000000
__Lbank7                 bank7        000000
__Lbigbss                bigbss       000000
__Lbigdata               bigdata      000000
__Lbigram                bigram       000000
__Lbss                   bss          000000
__Lcinit                 cinit        000000
__Lclrtext               clrtext      000000
__Lcomram                comram       000000
__Lconfig                config       300000
__Lconst                 const        000000
__LcstackBANK0           cstackBANK0  000000
__LcstackCOMRAM          cstackCOMRAM 000000
__Ldata                  data         000000
__Leeprom_data           eeprom_data  000000
__Lfarbss                farbss       000000
__Lfardata               fardata      000000
__Libigdata              ibigdata     000000
__Lidata                 idata        000000
__Lidloc                 idloc        200000
__Lifardata              ifardata     000000
__Linit                  init         00000E
__Lintcode               intcode      000008
__Lintcode_body          intcode_body 000000
__Lintcodelo             intcodelo    00000E
__Lintentry              intentry     000000
__Lintret                intret       000000
__Lintsave_regs          intsave_regs 000000
__Lirdata                irdata       000000
__Lmediumconst           mediumconst  000000
__LnvFARRAM              nvFARRAM     000000
__Lnvbit                 nvbit        000000
__Lnvrram                nvrram       000000
__Lparam                 rparam       000000
__Lpowerup               powerup      00000E
__Lram                   ram          000000
__Lramtop                ramtop       000800
__Lrbit                  rbit         000000
__Lrbss                  rbss         000000
__Lrdata                 rdata        000000
__Lreset_vec             reset_vec    000000
__Lrparam                rparam       000000
__Lsfr                   sfr          000000
__Lsmallconst            smallconst   000800
__Lspace_0               (abs)        000000
__Lspace_1               (abs)        000000
__Lspace_2               (abs)        000000
__Lstack                 stack        000000
__Lstruct                struct       000000
__Ltemp                  temp         000037
__Ltext                  text         000000
__Ltext0                 text0        000000
__Ltext1                 text1        000000
__Ltext10                text10       000000
__Ltext12                text12       000000
__Ltext13                text13       000000
__Ltext14                text14       000000
__Ltext15                text15       000000
__Ltext16                text16       000000
__Ltext2                 text2        000000
__Ltext3                 text3        000000
__Ltext4                 text4        000000
__Ltext5                 text5        000000
__Ltext6                 text6        000000
__Ltext7                 text7        000000
__Ltext8                 text8        000000
__Ltext9                 text9        000000
__S0                     (abs)        30000E
__S1                     (abs)        000070
__S2                     (abs)        000000
___aldiv                 text2        000BE6
___aldiv@counter         cstackCOMRAM 000031
___aldiv@dividend        cstackCOMRAM 000029
___aldiv@divisor         cstackCOMRAM 00002D
___aldiv@quotient        cstackCOMRAM 000033
___aldiv@sign            cstackCOMRAM 000032
___inthi_sp              stack        000000
___intlo_sp              stack        000000
___lwdiv                 text7        000DA8
___lwdiv@counter         cstackCOMRAM 00002F
___lwdiv@dividend        cstackCOMRAM 000029
___lwdiv@divisor         cstackCOMRAM 00002B
___lwdiv@quotient        cstackCOMRAM 00002D
___lwmod                 text6        000E4C
___lwmod@counter         cstackCOMRAM 000034
___lwmod@dividend        cstackCOMRAM 000030
___lwmod@divisor         cstackCOMRAM 000032
___param_bank            (abs)        000000
___rparam_used           (abs)        000001
___sp                    stack        000000
__accesstop              (abs)        000060
__activetblptr           (abs)        000002
__end_of_ISR             intcode_body 000D32
__end_of___aldiv         text2        000CB2
__end_of___lwdiv         text7        000DFA
__end_of___lwmod         text6        000E8E
__end_of__initialization cinit        000F54
__end_of_auxRead         text12       000F2E
__end_of_configADC       text10       000F42
__end_of_dpowers         smallconst   00080B
__end_of_main            text0        000DA8
__end_of_printSerialnl   text8        000F0E
__end_of_printf          text4        0009B0
__end_of_putch           text5        000F6E
__end_of_readADC         text3        000F54
__end_of_sendDataSerial  text9        000F7A
__end_of_startSerial     text1        000BE6
__end_ofi2___lwdiv       text16       000E4C
__end_ofi2___lwmod       text15       000ED0
__end_ofi2_printf        text13       000ACE
__end_ofi2_putch         text14       000F86
__initialization         cinit        000F54
__mediumconst            mediumconst  000000
__pcinit                 cinit        000F54
__pcstackBANK0           cstackBANK0  000060
__pcstackCOMRAM          cstackCOMRAM 000001
__pintcode               intcode      000008
__pintcode_body          intcode_body 000CB2
__psmallconst            smallconst   000800
__ptext0                 text0        000D32
__ptext1                 text1        000ACE
__ptext10                text10       000F2E
__ptext12                text12       000F0E
__ptext13                text13       0009B0
__ptext14                text14       000F7A
__ptext15                text15       000E8E
__ptext16                text16       000DFA
__ptext2                 text2        000BE6
__ptext3                 text3        000F42
__ptext4                 text4        000862
__ptext5                 text5        000F62
__ptext6                 text6        000E4C
__ptext7                 text7        000DA8
__ptext8                 text8        000ED0
__ptext9                 text9        000F6E
__ramtop                 ramtop       000800
__size_of_ISR            (abs)        000000
__size_of___aldiv        (abs)        000000
__size_of___lwdiv        (abs)        000000
__size_of___lwmod        (abs)        000000
__size_of_auxRead        (abs)        000000
__size_of_configADC      (abs)        000000
__size_of_main           (abs)        000000
__size_of_printSerialnl  (abs)        000000
__size_of_printf         (abs)        000000
__size_of_putch          (abs)        000000
__size_of_readADC        (abs)        000000
__size_of_sendDataSerial (abs)        000000
__size_of_startSerial    (abs)        000000
__size_ofi2___lwdiv      (abs)        000000
__size_ofi2___lwmod      (abs)        000000
__size_ofi2_printf       (abs)        000000
__size_ofi2_putch        (abs)        000000
__smallconst             smallconst   000800
_auxRead                 text12       000F0E
_configADC               text10       000F2E
_dpowers                 smallconst   000801
_main                    text0        000D32
_printSerialnl           text8        000ED0
_printf                  text4        000862
_putch                   text5        000F62
_readADC                 text3        000F42
_sendDataSerial          text9        000F6E
_startSerial             text1        000ACE
_startSerial$1097        cstackBANK0  00006A
btemp                    temp         000037
end_of_initialization    cinit        000F54
i2___lwdiv               text16       000DFA
i2___lwdiv@counter       cstackCOMRAM 000007
i2___lwdiv@dividend      cstackCOMRAM 000001
i2___lwdiv@divisor       cstackCOMRAM 000003
i2___lwdiv@quotient      cstackCOMRAM 000005
i2___lwmod               text15       000E8E
i2___lwmod@counter       cstackCOMRAM 00000C
i2___lwmod@dividend      cstackCOMRAM 000008
i2___lwmod@divisor       cstackCOMRAM 00000A
i2_printf                text13       0009B0
i2_putch                 text14       000F7A
i2printf@ap              cstackCOMRAM 000012
i2printf@c               cstackCOMRAM 000018
i2printf@f               cstackCOMRAM 00000D
i2printf@flag            cstackCOMRAM 000014
i2printf@prec            cstackCOMRAM 000015
i2printf@val             cstackCOMRAM 000016
i2putch@c                cstackCOMRAM 000001
int$flags                temp         000037
int_func                 intcode_body 000CB2
intlevel0                text         000000
intlevel1                text         000000
intlevel2                text         000000
intlevel3                text         000000
printSerialnl@String     cstackCOMRAM 00002A
printSerialnl@p          cstackCOMRAM 00002C
printf@ap                cstackBANK0  000064
printf@c                 cstackBANK0  00006A
printf@f                 cstackBANK0  000060
printf@flag              cstackBANK0  000066
printf@prec              cstackBANK0  000067
printf@val               cstackBANK0  000068
putch@c                  cstackCOMRAM 000029
readADC@channel          cstackCOMRAM 000029
sendDataSerial@c         cstackCOMRAM 000029
stackhi                  (abs)        0007FF
stacklo                  (abs)        000070
start                    init         00000E
startSerial@FOSC         cstackBANK0  000062
startSerial@baudrate     cstackBANK0  000060
startSerial@brg_16       cstackBANK0  000068
startSerial@mode         cstackBANK0  000066
startSerial@n            cstackBANK0  00006E
start_initialization     cinit        000F54


FUNCTION INFORMATION:

 *************** function _main *****************
 Defined at:
		line 133 in file "main.c"
 Parameters:    Size  Location     Type
		None
 Auto vars:     Size  Location     Type
		None
 Return value:  Size  Location     Type
                  1    wreg      void 
 Registers used:
		wreg, fsr2l, fsr2h, status,2, status,0, tblptrl, tblptrh, tblptru, prodl, prodh, cstack
 Tracked objects:
		On entry : 
		On exit  : 
		Unchanged: 
 Data sizes:     COMRAM   BANK0   BANK1   BANK2   BANK3   BANK4   BANK5   BANK6   BANK7
      Params:         0       0       0       0       0       0       0       0       0
      Locals:         0       0       0       0       0       0       0       0       0
      Temps:          0       0       0       0       0       0       0       0       0
      Totals:         0       0       0       0       0       0       0       0       0
Total ram usage:        0 bytes
 Hardware stack levels required when called:    6
 This function calls:
		_configADC
		_printSerialnl
		_printf
		_readADC
		_startSerial
 This function is called by:
		Startup code after reset
 This function uses a non-reentrant model


 *************** function _startSerial *****************
 Defined at:
		line 8 in file "Serial.h"
 Parameters:    Size  Location     Type
  baudrate        2    0[BANK0 ] int 
  FOSC            4    2[BANK0 ] long 
  mode            2    6[BANK0 ] int 
  brg_16          2    8[BANK0 ] int 
 Auto vars:     Size  Location     Type
  n               2   14[BANK0 ] int 
 Return value:  Size  Location     Type
                  1    wreg      void 
 Registers used:
		wreg, status,2, status,0, cstack
 Tracked objects:
		On entry : 
		On exit  : 
		Unchanged: 
 Data sizes:     COMRAM   BANK0   BANK1   BANK2   BANK3   BANK4   BANK5   BANK6   BANK7
      Params:         0      10       0       0       0       0       0       0       0
      Locals:         0       6       0       0       0       0       0       0       0
      Temps:          0       0       0       0       0       0       0       0       0
      Totals:         0      16       0       0       0       0       0       0       0
Total ram usage:       16 bytes
 Hardware stack levels used:    1
 Hardware stack levels required when called:    5
 This function calls:
		___aldiv
 This function is called by:
		_main
 This function uses a non-reentrant model


 *************** function ___aldiv *****************
 Defined at:
		line 8 in file "C:\Program Files (x86)\Microchip\xc8\v1.42\sources\common\aldiv.c"
 Parameters:    Size  Location     Type
  dividend        4   40[COMRAM] long 
  divisor         4   44[COMRAM] long 
 Auto vars:     Size  Location     Type
  quotient        4   50[COMRAM] long 
  sign            1   49[COMRAM] unsigned char 
  counter         1   48[COMRAM] unsigned char 
 Return value:  Size  Location     Type
                  4   40[COMRAM] long 
 Registers used:
		wreg, status,2, status,0
 Tracked objects:
		On entry : 
		On exit  : 
		Unchanged: 
 Data sizes:     COMRAM   BANK0   BANK1   BANK2   BANK3   BANK4   BANK5   BANK6   BANK7
      Params:         8       0       0       0       0       0       0       0       0
      Locals:         6       0       0       0       0       0       0       0       0
      Temps:          0       0       0       0       0       0       0       0       0
      Totals:        14       0       0       0       0       0       0       0       0
Total ram usage:       14 bytes
 Hardware stack levels used:    1
 Hardware stack levels required when called:    4
 This function calls:
		Nothing
 This function is called by:
		_startSerial
 This function uses a non-reentrant model


 *************** function _readADC *****************
 Defined at:
		line 111 in file "main.c"
 Parameters:    Size  Location     Type
  channel         2   40[COMRAM] int 
 Auto vars:     Size  Location     Type
		None
 Return value:  Size  Location     Type
                  1    wreg      void 
 Registers used:
		wreg, status,2, status,0
 Tracked objects:
		On entry : 
		On exit  : 
		Unchanged: 
 Data sizes:     COMRAM   BANK0   BANK1   BANK2   BANK3   BANK4   BANK5   BANK6   BANK7
      Params:         2       0       0       0       0       0       0       0       0
      Locals:         0       0       0       0       0       0       0       0       0
      Temps:          0       0       0       0       0       0       0       0       0
      Totals:         2       0       0       0       0       0       0       0       0
Total ram usage:        2 bytes
 Hardware stack levels used:    1
 Hardware stack levels required when called:    4
 This function calls:
		Nothing
 This function is called by:
		_main
 This function uses a non-reentrant model


 *************** function _printf *****************
 Defined at:
		line 464 in file "C:\Program Files (x86)\Microchip\xc8\v1.42\sources\common\doprnt.c"
 Parameters:    Size  Location     Type
  f               2    0[BANK0 ] PTR const unsigned char 
		 -> STR_4(41), STR_1(4), 
 Auto vars:     Size  Location     Type
  tmpval          4    0        struct .
  cp              3    0        PTR const unsigned char 
  val             2    8[BANK0 ] unsigned int 
  ap              2    4[BANK0 ] PTR void [1]
		 -> ?i2_printf(2), ?_printf(2), 
  len             2    0        unsigned int 
  c               1   10[BANK0 ] char 
  prec            1    7[BANK0 ] char 
  flag            1    6[BANK0 ] unsigned char 
 Return value:  Size  Location     Type
                  2    0[BANK0 ] int 
 Registers used:
		wreg, fsr2l, fsr2h, status,2, status,0, tblptrl, tblptrh, tblptru, prodl, prodh, cstack
 Tracked objects:
		On entry : 
		On exit  : 
		Unchanged: 
 Data sizes:     COMRAM   BANK0   BANK1   BANK2   BANK3   BANK4   BANK5   BANK6   BANK7
      Params:         0       4       0       0       0       0       0       0       0
      Locals:         0       7       0       0       0       0       0       0       0
      Temps:          1       0       0       0       0       0       0       0       0
      Totals:         1      11       0       0       0       0       0       0       0
Total ram usage:       12 bytes
 Hardware stack levels used:    1
 Hardware stack levels required when called:    5
 This function calls:
		___lwdiv
		___lwmod
		_putch
 This function is called by:
		_main
 This function uses a non-reentrant model


 *************** function _putch *****************
 Defined at:
		line 104 in file "Serial.h"
 Parameters:    Size  Location     Type
  c               1    wreg     unsigned char 
 Auto vars:     Size  Location     Type
  c               1   40[COMRAM] unsigned char 
 Return value:  Size  Location     Type
                  1    wreg      void 
 Registers used:
		wreg
 Tracked objects:
		On entry : 
		On exit  : 
		Unchanged: 
 Data sizes:     COMRAM   BANK0   BANK1   BANK2   BANK3   BANK4   BANK5   BANK6   BANK7
      Params:         0       0       0       0       0       0       0       0       0
      Locals:         1       0       0       0       0       0       0       0       0
      Temps:          0       0       0       0       0       0       0       0       0
      Totals:         1       0       0       0       0       0       0       0       0
Total ram usage:        1 bytes
 Hardware stack levels used:    1
 Hardware stack levels required when called:    4
 This function calls:
		Nothing
 This function is called by:
		_printf
 This function uses a non-reentrant model


 *************** function ___lwmod *****************
 Defined at:
		line 8 in file "C:\Program Files (x86)\Microchip\xc8\v1.42\sources\common\lwmod.c"
 Parameters:    Size  Location     Type
  dividend        2   47[COMRAM] unsigned int 
  divisor         2   49[COMRAM] unsigned int 
 Auto vars:     Size  Location     Type
  counter         1   51[COMRAM] unsigned char 
 Return value:  Size  Location     Type
                  2   47[COMRAM] unsigned int 
 Registers used:
		wreg, status,2, status,0
 Tracked objects:
		On entry : 
		On exit  : 
		Unchanged: 
 Data sizes:     COMRAM   BANK0   BANK1   BANK2   BANK3   BANK4   BANK5   BANK6   BANK7
      Params:         4       0       0       0       0       0       0       0       0
      Locals:         1       0       0       0       0       0       0       0       0
      Temps:          0       0       0       0       0       0       0       0       0
      Totals:         5       0       0       0       0       0       0       0       0
Total ram usage:        5 bytes
 Hardware stack levels used:    1
 Hardware stack levels required when called:    4
 This function calls:
		Nothing
 This function is called by:
		_printf
 This function uses a non-reentrant model


 *************** function ___lwdiv *****************
 Defined at:
		line 8 in file "C:\Program Files (x86)\Microchip\xc8\v1.42\sources\common\lwdiv.c"
 Parameters:    Size  Location     Type
  dividend        2   40[COMRAM] unsigned int 
  divisor         2   42[COMRAM] unsigned int 
 Auto vars:     Size  Location     Type
  quotient        2   44[COMRAM] unsigned int 
  counter         1   46[COMRAM] unsigned char 
 Return value:  Size  Location     Type
                  2   40[COMRAM] unsigned int 
 Registers used:
		wreg, status,2, status,0
 Tracked objects:
		On entry : 
		On exit  : 
		Unchanged: 
 Data sizes:     COMRAM   BANK0   BANK1   BANK2   BANK3   BANK4   BANK5   BANK6   BANK7
      Params:         4       0       0       0       0       0       0       0       0
      Locals:         3       0       0       0       0       0       0       0       0
      Temps:          0       0       0       0       0       0       0       0       0
      Totals:         7       0       0       0       0       0       0       0       0
Total ram usage:        7 bytes
 Hardware stack levels used:    1
 Hardware stack levels required when called:    4
 This function calls:
		Nothing
 This function is called by:
		_printf
 This function uses a non-reentrant model


 *************** function _printSerialnl *****************
 Defined at:
		line 67 in file "Serial.h"
 Parameters:    Size  Location     Type
  String          2   41[COMRAM] PTR unsigned char 
		 -> STR_3(22), STR_2(18), 
 Auto vars:     Size  Location     Type
  p               2   43[COMRAM] PTR unsigned char 
		 -> STR_3(22), STR_2(18), 
 Return value:  Size  Location     Type
                  1    wreg      void 
 Registers used:
		wreg, status,2, status,0, tblptrl, tblptrh, tblptru, cstack
 Tracked objects:
		On entry : 
		On exit  : 
		Unchanged: 
 Data sizes:     COMRAM   BANK0   BANK1   BANK2   BANK3   BANK4   BANK5   BANK6   BANK7
      Params:         2       0       0       0       0       0       0       0       0
      Locals:         2       0       0       0       0       0       0       0       0
      Temps:          0       0       0       0       0       0       0       0       0
      Totals:         4       0       0       0       0       0       0       0       0
Total ram usage:        4 bytes
 Hardware stack levels used:    1
 Hardware stack levels required when called:    5
 This function calls:
		_sendDataSerial
 This function is called by:
		_main
 This function uses a non-reentrant model


 *************** function _sendDataSerial *****************
 Defined at:
		line 51 in file "Serial.h"
 Parameters:    Size  Location     Type
  c               1    wreg     unsigned char 
 Auto vars:     Size  Location     Type
  c               1   40[COMRAM] unsigned char 
 Return value:  Size  Location     Type
                  1    wreg      void 
 Registers used:
		wreg
 Tracked objects:
		On entry : 
		On exit  : 
		Unchanged: 
 Data sizes:     COMRAM   BANK0   BANK1   BANK2   BANK3   BANK4   BANK5   BANK6   BANK7
      Params:         0       0       0       0       0       0       0       0       0
      Locals:         1       0       0       0       0       0       0       0       0
      Temps:          0       0       0       0       0       0       0       0       0
      Totals:         1       0       0       0       0       0       0       0       0
Total ram usage:        1 bytes
 Hardware stack levels used:    1
 Hardware stack levels required when called:    4
 This function calls:
		Nothing
 This function is called by:
		_printSerialnl
		_printSerial
 This function uses a non-reentrant model


 *************** function _configADC *****************
 Defined at:
		line 99 in file "main.c"
 Parameters:    Size  Location     Type
		None
 Auto vars:     Size  Location     Type
		None
 Return value:  Size  Location     Type
                  1    wreg      void 
 Registers used:
		wreg, status,2
 Tracked objects:
		On entry : 
		On exit  : 
		Unchanged: 
 Data sizes:     COMRAM   BANK0   BANK1   BANK2   BANK3   BANK4   BANK5   BANK6   BANK7
      Params:         0       0       0       0       0       0       0       0       0
      Locals:         0       0       0       0       0       0       0       0       0
      Temps:          0       0       0       0       0       0       0       0       0
      Totals:         0       0       0       0       0       0       0       0       0
Total ram usage:        0 bytes
 Hardware stack levels used:    1
 Hardware stack levels required when called:    4
 This function calls:
		Nothing
 This function is called by:
		_main
 This function uses a non-reentrant model


 *************** function _ISR *****************
 Defined at:
		line 124 in file "main.c"
 Parameters:    Size  Location     Type
		None
 Auto vars:     Size  Location     Type
		None
 Return value:  Size  Location     Type
                  1    wreg      void 
 Registers used:
		wreg, fsr2l, fsr2h, status,2, status,0, tblptrl, tblptrh, tblptru, prodl, prodh, cstack
 Tracked objects:
		On entry : 
		On exit  : 
		Unchanged: 
 Data sizes:     COMRAM   BANK0   BANK1   BANK2   BANK3   BANK4   BANK5   BANK6   BANK7
      Params:         0       0       0       0       0       0       0       0       0
      Locals:         0       0       0       0       0       0       0       0       0
      Temps:         14       0       0       0       0       0       0       0       0
      Totals:        14       0       0       0       0       0       0       0       0
Total ram usage:       14 bytes
 Hardware stack levels used:    1
 Hardware stack levels required when called:    3
 This function calls:
		_auxRead
 This function is called by:
		Interrupt level 2
 This function uses a non-reentrant model


 *************** function _auxRead *****************
 Defined at:
		line 120 in file "main.c"
 Parameters:    Size  Location     Type
		None
 Auto vars:     Size  Location     Type
		None
 Return value:  Size  Location     Type
                  1    wreg      void 
 Registers used:
		wreg, fsr2l, fsr2h, status,2, status,0, tblptrl, tblptrh, tblptru, prodl, prodh, cstack
 Tracked objects:
		On entry : 
		On exit  : 
		Unchanged: 
 Data sizes:     COMRAM   BANK0   BANK1   BANK2   BANK3   BANK4   BANK5   BANK6   BANK7
      Params:         0       0       0       0       0       0       0       0       0
      Locals:         0       0       0       0       0       0       0       0       0
      Temps:          2       0       0       0       0       0       0       0       0
      Totals:         2       0       0       0       0       0       0       0       0
Total ram usage:        2 bytes
 Hardware stack levels used:    1
 Hardware stack levels required when called:    2
 This function calls:
		i2_printf
 This function is called by:
		_ISR
 This function uses a non-reentrant model


 *************** function i2_printf *****************
 Defined at:
		line 464 in file "C:\Program Files (x86)\Microchip\xc8\v1.42\sources\common\doprnt.c"
 Parameters:    Size  Location     Type
  f               2   12[COMRAM] PTR const unsigned char 
		 -> STR_4(41), STR_1(4), 
 Auto vars:     Size  Location     Type
  printf          4    0        struct .
  printf          3    0        PTR const unsigned char 
  printf          2   21[COMRAM] unsigned int 
  printf          2   17[COMRAM] PTR void [1]
		 -> ?i2_printf(2), ?_printf(2), 
  printf          2    0        unsigned int 
  printf          1   23[COMRAM] char 
  printf          1   20[COMRAM] char 
  printf          1   19[COMRAM] unsigned char 
 Return value:  Size  Location     Type
                  2   12[COMRAM] int 
 Registers used:
		wreg, fsr2l, fsr2h, status,2, status,0, tblptrl, tblptrh, tblptru, prodl, prodh, cstack
 Tracked objects:
		On entry : 
		On exit  : 
		Unchanged: 
 Data sizes:     COMRAM   BANK0   BANK1   BANK2   BANK3   BANK4   BANK5   BANK6   BANK7
      Params:         4       0       0       0       0       0       0       0       0
      Locals:         7       0       0       0       0       0       0       0       0
      Temps:          1       0       0       0       0       0       0       0       0
      Totals:        12       0       0       0       0       0       0       0       0
Total ram usage:       12 bytes
 Hardware stack levels used:    1
 Hardware stack levels required when called:    1
 This function calls:
		i2___lwdiv
		i2___lwmod
		i2_putch
 This function is called by:
		_auxRead
 This function uses a non-reentrant model


 *************** function i2_putch *****************
 Defined at:
		line 104 in file "Serial.h"
 Parameters:    Size  Location     Type
  c               1    wreg     unsigned char 
 Auto vars:     Size  Location     Type
  c               1    0[COMRAM] unsigned char 
 Return value:  Size  Location     Type
                  1    wreg      void 
 Registers used:
		wreg
 Tracked objects:
		On entry : 
		On exit  : 
		Unchanged: 
 Data sizes:     COMRAM   BANK0   BANK1   BANK2   BANK3   BANK4   BANK5   BANK6   BANK7
      Params:         0       0       0       0       0       0       0       0       0
      Locals:         1       0       0       0       0       0       0       0       0
      Temps:          0       0       0       0       0       0       0       0       0
      Totals:         1       0       0       0       0       0       0       0       0
Total ram usage:        1 bytes
 Hardware stack levels used:    1
 This function calls:
		Nothing
 This function is called by:
		i2_printf
 This function uses a non-reentrant model


 *************** function i2___lwmod *****************
 Defined at:
		line 8 in file "C:\Program Files (x86)\Microchip\xc8\v1.42\sources\common\lwmod.c"
 Parameters:    Size  Location     Type
  dividend        2    7[COMRAM] unsigned int 
  divisor         2    9[COMRAM] unsigned int 
 Auto vars:     Size  Location     Type
  __lwmod         1   11[COMRAM] unsigned char 
 Return value:  Size  Location     Type
                  2    7[COMRAM] unsigned int 
 Registers used:
		wreg, status,2, status,0
 Tracked objects:
		On entry : 
		On exit  : 
		Unchanged: 
 Data sizes:     COMRAM   BANK0   BANK1   BANK2   BANK3   BANK4   BANK5   BANK6   BANK7
      Params:         4       0       0       0       0       0       0       0       0
      Locals:         1       0       0       0       0       0       0       0       0
      Temps:          0       0       0       0       0       0       0       0       0
      Totals:         5       0       0       0       0       0       0       0       0
Total ram usage:        5 bytes
 Hardware stack levels used:    1
 This function calls:
		Nothing
 This function is called by:
		i2_printf
 This function uses a non-reentrant model


 *************** function i2___lwdiv *****************
 Defined at:
		line 8 in file "C:\Program Files (x86)\Microchip\xc8\v1.42\sources\common\lwdiv.c"
 Parameters:    Size  Location     Type
  dividend        2    0[COMRAM] unsigned int 
  divisor         2    2[COMRAM] unsigned int 
 Auto vars:     Size  Location     Type
  __lwdiv         2    4[COMRAM] unsigned int 
  __lwdiv         1    6[COMRAM] unsigned char 
 Return value:  Size  Location     Type
                  2    0[COMRAM] unsigned int 
 Registers used:
		wreg, status,2, status,0
 Tracked objects:
		On entry : 
		On exit  : 
		Unchanged: 
 Data sizes:     COMRAM   BANK0   BANK1   BANK2   BANK3   BANK4   BANK5   BANK6   BANK7
      Params:         4       0       0       0       0       0       0       0       0
      Locals:         3       0       0       0       0       0       0       0       0
      Temps:          0       0       0       0       0       0       0       0       0
      Totals:         7       0       0       0       0       0       0       0       0
Total ram usage:        7 bytes
 Hardware stack levels used:    1
 This function calls:
		Nothing
 This function is called by:
		i2_printf
 This function uses a non-reentrant model



MODULE INFORMATION

Module		Function		Class		Link	Load	Size
C:\Program Files (x86)\Microchip\xc8\v1.42\sources\common\lwdiv.c
		___lwdiv       		CODE           	0DA8	0000	83

C:\Program Files (x86)\Microchip\xc8\v1.42\sources\common\lwdiv.c estimated size: 83

C:\Program Files (x86)\Microchip\xc8\v1.42\sources\common\aldiv.c
		___aldiv       		CODE           	0BE6	0000	205

C:\Program Files (x86)\Microchip\xc8\v1.42\sources\common\aldiv.c estimated size: 205

Serial.h
		_putch         		CODE           	0F62	0000	13
		_startSerial   		CODE           	0ACE	0000	281
		_printSerialnl 		CODE           	0ED0	0000	63
		_sendDataSerial		CODE           	0F6E	0000	13

Serial.h estimated size: 370

shared
		i2_printf      		CODE           	09B0	0000	287
		i2_putch       		CODE           	0F7A	0000	13
		_dpowers       		SMALLCONST     	0801	0000	11
		i2___lwdiv     		CODE           	0DFA	0000	83
		i2___lwmod     		CODE           	0E8E	0000	67
		__initialization		CODE           	0F54	0000	1

shared estimated size: 462

C:\Program Files (x86)\Microchip\xc8\v1.42\sources\common\lwmod.c
		___lwmod       		CODE           	0E4C	0000	67

C:\Program Files (x86)\Microchip\xc8\v1.42\sources\common\lwmod.c estimated size: 67

C:\Program Files (x86)\Microchip\xc8\v1.42\sources\common\doprnt.c
		_printf        		CODE           	0862	0000	335

C:\Program Files (x86)\Microchip\xc8\v1.42\sources\common\doprnt.c estimated size: 335

main.c
		_ISR           		CODE           	0008	0000	135
		_configADC     		CODE           	0F2E	0000	21
		_main          		CODE           	0D32	0000	119
		_auxRead       		CODE           	0F0E	0000	33
		_readADC       		CODE           	0F42	0000	19

main.c estimated size: 327

