Microchip MPLAB XC8 Compiler V1.42 ()

Linker command line:

-W-3 --edf=C:\Program Files (x86)\Microchip\xc8\v1.42\dat\en_msgs.txt -cs \
  -h+dist/default/production\demo_usart.X.production.sym \
  --cmf=dist/default/production\demo_usart.X.production.cmf -z -Q18F4550 \
  -oD:\ExternoKoppernikus\Temp\s4ds.2 \
  -Mdist/default/production/demo_usart.X.production.map -E1 -ver=XC8 \
  -ASTACK=060h-07ffh -pstack=STACK -ACODE=00h-07FFFh -ACONST=00h-07FFFh \
  -ASMALLCONST=0800h-08FFhx120 -AMEDIUMCONST=0800h-07FFFh -ACOMRAM=01h-05Fh \
  -AABS1=00h-07FFh -ABIGRAM=01h-07FFh -ARAM=060h-0FFh,0100h-01FFhx7 \
  -ABANK0=060h-0FFh -ABANK1=0100h-01FFh -ABANK2=0200h-02FFh \
  -ABANK3=0300h-03FFh -ABANK4=0400h-04FFh -ABANK5=0500h-05FFh \
  -ABANK6=0600h-06FFh -ABANK7=0700h-07FFh -ASFR=0F60h-0FFFh \
  -preset_vec=00h,intcode=08h,intcodelo,powerup,init -pramtop=0800h \
  -psmallconst=SMALLCONST -pmediumconst=MEDIUMCONST -pconst=CONST \
  -AFARRAM=00h-00h -ACONFIG=0300000h-030000Dh -pconfig=CONFIG \
  -AIDLOC=0200000h-0200007h -pidloc=IDLOC -AEEDATA=0F00000h-0F000FFh \
  -peeprom_data=EEDATA \
  -prdata=COMRAM,nvrram=COMRAM,nvbit=COMRAM,rbss=COMRAM,rbit=COMRAM \
  -pfarbss=FARRAM,fardata=FARRAM,nvFARRAM=FARRAM \
  -pintsave_regs=BIGRAM,bigbss=BIGRAM,bigdata=BIGRAM -pbss=RAM \
  -pidata=CODE,irdata=CODE,ibigdata=CODE,ifardata=CODE -prparam=COMRAM \
  D:\ExternoKoppernikus\Temp\s4ds.obj \
  dist/default/production\demo_usart.X.production.obj 

Object code version is 3.11

Machine type is 18F4550

Call graph: (short form)




                Name                               Link     Load   Length Selector   Space Scale
D:\ExternoKoppernikus\Temp\s4ds.obj
                init                                  E        E        4        4       0
                reset_vec                             0        0        4        0       0
                idloc                            200000   200000        8   200000       0
                config                           300000   300000        E   300000       0
dist/default/production\demo_usart.X.production.obj
                intcode                               8        8        6        4       0
                temp                                 32       32        1        1       1
                smallconst                          800      800       16      400       0
                text7                               BE4      BE4        C      40B       0
                intcode_body                        AD2      AD2       82      40B       0
                text5                               BD8      BD8        C      40B       0
                text4                               B92      B92       32      40B       0
                text3                               B54      B54       3E      40B       0
                text2                               A06      A06       CC      40B       0
                text1                               816      816      108      40B       0
                text0                               91E      91E       E8      40B       0
                cstackCOMRAM                          1        1       30        1       1
                bssCOMRAM                            31       31        1        1       1
                cinit                               BC4      BC4       14      40B       0

TOTAL           Name                               Link     Load   Length     Space
        CLASS   STACK          

        CLASS   CODE           
                intcode                               8        8        6         0
                init                                  E        E        4         0
                reset_vec                             0        0        4         0
                text7                               BE4      BE4        C         0
                intcode_body                        AD2      AD2       82         0
                text5                               BD8      BD8        C         0
                text4                               B92      B92       32         0
                text3                               B54      B54       3E         0
                text2                               A06      A06       CC         0
                text1                               816      816      108         0
                text0                               91E      91E       E8         0
                cinit                               BC4      BC4       14         0

        CLASS   CONST          

        CLASS   SMALLCONST     
                smallconst                          800      800       16         0

        CLASS   MEDIUMCONST    

        CLASS   COMRAM         
                temp                                 32       32        1         1
                cstackCOMRAM                          1        1       30         1
                bssCOMRAM                            31       31        1         1

        CLASS   ABS1           

        CLASS   BIGRAM         

        CLASS   RAM            

        CLASS   BANK0          

        CLASS   BANK1          

        CLASS   BANK2          

        CLASS   BANK3          

        CLASS   BANK4          

        CLASS   BANK5          

        CLASS   BANK6          

        CLASS   BANK7          

        CLASS   SFR            

        CLASS   FARRAM         

        CLASS   CONFIG         
                config                           300000   300000        E         0

        CLASS   IDLOC          
                idloc                            200000   200000        8         0

        CLASS   EEDATA         



SEGMENTS        Name                           Load    Length   Top    Selector   Space  Class

                reset_vec                      000000  000004  000004         0       0  CODE    
                cstackCOMRAM                   000001  000032  000033         1       1  COMRAM  
                intcode                        000008  00000A  000012         4       0  CODE    
                smallconst                     000800  000016  000816       400       0  SMALLCON
                text1                          000816  0003DA  000BF0       40B       0  CODE    
                idloc                          200000  000008  200008    200000       0  IDLOC   
                config                         300000  00000E  30000E    300000       0  CONFIG  


UNUSED ADDRESS RANGES

        Name                Unused          Largest block    Delta
        BANK0            000060-0000FF               A0
        BANK1            000100-0001FF              100
        BANK2            000200-0002FF              100
        BANK3            000300-0003FF              100
        BANK4            000400-0004FF              100
        BANK5            000500-0005FF              100
        BANK6            000600-0006FF              100
        BANK7            000700-0007FF              100
        BIGRAM           000033-0007FF              7CD
        CODE             000004-000007                4
                         000012-0007FF              7EE
                         000BF0-007FFF             7410
        COMRAM           000033-00005F               2D
        CONST            000004-000007                4
                         000012-0007FF              7EE
                         000BF0-007FFF             7410
        EEDATA           F00000-F000FF              100
        MEDIUMCONST      000BF0-007FFF             7410
        RAM              000060-0007FF              100
        SFR              000F60-000FFF               A0
        SMALLCONST       000BF0-007FFF              100
        STACK            000060-0007FF              7A0

                                  Symbol Table

?___aldiv                  cstackCOMRAM 000010
_BAUDCONbits               (abs)        000FB8
_INTCONbits                (abs)        000FF2
_ISR                       intcode      000008
_PIE1bits                  (abs)        000F9D
_PIR1bits                  (abs)        000F9E
_RCREG                     (abs)        000FAE
_RCSTAbits                 (abs)        000FAB
_SPBRG                     (abs)        000FAF
_SPBRGH                    (abs)        000FB0
_TRISCbits                 (abs)        000F94
_TXREG                     (abs)        000FAD
_TXSTAbits                 (abs)        000FAC
__CFG_BOR$ON               (abs)        000000
__CFG_BORV$3               (abs)        000000
__CFG_CCP2MX$ON            (abs)        000000
__CFG_CP0$OFF              (abs)        000000
__CFG_CP1$OFF              (abs)        000000
__CFG_CP2$OFF              (abs)        000000
__CFG_CP3$OFF              (abs)        000000
__CFG_CPB$OFF              (abs)        000000
__CFG_CPD$OFF              (abs)        000000
__CFG_CPUDIV$OSC3_PLL4     (abs)        000000
__CFG_EBTR0$OFF            (abs)        000000
__CFG_EBTR1$OFF            (abs)        000000
__CFG_EBTR2$OFF            (abs)        000000
__CFG_EBTR3$OFF            (abs)        000000
__CFG_EBTRB$OFF            (abs)        000000
__CFG_FCMEN$OFF            (abs)        000000
__CFG_FOSC$HSPLL_HS        (abs)        000000
__CFG_ICPRT$OFF            (abs)        000000
__CFG_IESO$OFF             (abs)        000000
__CFG_LPT1OSC$OFF          (abs)        000000
__CFG_LVP$ON               (abs)        000000
__CFG_MCLRE$ON             (abs)        000000
__CFG_PBADEN$ON            (abs)        000000
__CFG_PLLDIV$5             (abs)        000000
__CFG_PWRT$OFF             (abs)        000000
__CFG_STVREN$ON            (abs)        000000
__CFG_USBDIV$1             (abs)        000000
__CFG_VREGEN$OFF           (abs)        000000
__CFG_WDT$ON               (abs)        000000
__CFG_WDTPS$32768          (abs)        000000
__CFG_WRT0$OFF             (abs)        000000
__CFG_WRT1$OFF             (abs)        000000
__CFG_WRT2$OFF             (abs)        000000
__CFG_WRT3$OFF             (abs)        000000
__CFG_WRTB$OFF             (abs)        000000
__CFG_WRTC$OFF             (abs)        000000
__CFG_WRTD$OFF             (abs)        000000
__CFG_XINST$OFF            (abs)        000000
__HRAM                     (abs)        000000
__Habs1                    abs1         000000
__Hbank0                   bank0        000000
__Hbank1                   bank1        000000
__Hbank2                   bank2        000000
__Hbank3                   bank3        000000
__Hbank4                   bank4        000000
__Hbank5                   bank5        000000
__Hbank6                   bank6        000000
__Hbank7                   bank7        000000
__Hbigbss                  bigbss       000000
__Hbigdata                 bigdata      000000
__Hbigram                  bigram       000000
__Hbss                     bss          000000
__HbssCOMRAM               bssCOMRAM    000000
__Hcinit                   cinit        000000
__Hclrtext                 clrtext      000000
__Hcomram                  comram       000000
__Hconfig                  config       30000E
__Hconst                   const        000000
__HcstackCOMRAM            cstackCOMRAM 000000
__Hdata                    data         000000
__Heeprom_data             eeprom_data  000000
__Hfarbss                  farbss       000000
__Hfardata                 fardata      000000
__Hibigdata                ibigdata     000000
__Hidata                   idata        000000
__Hidloc                   idloc        200008
__Hifardata                ifardata     000000
__Hinit                    init         000012
__Hintcode                 intcode      00000E
__Hintcode_body            intcode_body 000000
__Hintcodelo               intcodelo    00000E
__Hintentry                intentry     000000
__Hintret                  intret       000000
__Hintsave_regs            intsave_regs 000000
__Hirdata                  irdata       000000
__Hmediumconst             mediumconst  000000
__HnvFARRAM                nvFARRAM     000000
__Hnvbit                   nvbit        000000
__Hnvrram                  nvrram       000000
__Hparam                   rparam       000000
__Hpowerup                 powerup      00000E
__Hram                     ram          000000
__Hramtop                  ramtop       000800
__Hrbit                    rbit         000000
__Hrbss                    rbss         000000
__Hrdata                   rdata        000000
__Hreset_vec               reset_vec    000004
__Hrparam                  rparam       000000
__Hsfr                     sfr          000000
__Hsmallconst              smallconst   000816
__Hspace_0                 (abs)        30000E
__Hspace_1                 (abs)        000033
__Hspace_2                 (abs)        000000
__Hstack                   stack        000000
__Hstruct                  struct       000000
__Htemp                    temp         000033
__Htext                    text         000000
__Htext0                   text0        000000
__Htext1                   text1        000000
__Htext2                   text2        000000
__Htext3                   text3        000000
__Htext4                   text4        000000
__Htext5                   text5        000000
__Htext7                   text7        000000
__LRAM                     (abs)        000001
__Labs1                    abs1         000000
__Lbank0                   bank0        000000
__Lbank1                   bank1        000000
__Lbank2                   bank2        000000
__Lbank3                   bank3        000000
__Lbank4                   bank4        000000
__Lbank5                   bank5        000000
__Lbank6                   bank6        000000
__Lbank7                   bank7        000000
__Lbigbss                  bigbss       000000
__Lbigdata                 bigdata      000000
__Lbigram                  bigram       000000
__Lbss                     bss          000000
__LbssCOMRAM               bssCOMRAM    000000
__Lcinit                   cinit        000000
__Lclrtext                 clrtext      000000
__Lcomram                  comram       000000
__Lconfig                  config       300000
__Lconst                   const        000000
__LcstackCOMRAM            cstackCOMRAM 000000
__Ldata                    data         000000
__Leeprom_data             eeprom_data  000000
__Lfarbss                  farbss       000000
__Lfardata                 fardata      000000
__Libigdata                ibigdata     000000
__Lidata                   idata        000000
__Lidloc                   idloc        200000
__Lifardata                ifardata     000000
__Linit                    init         00000E
__Lintcode                 intcode      000008
__Lintcode_body            intcode_body 000000
__Lintcodelo               intcodelo    00000E
__Lintentry                intentry     000000
__Lintret                  intret       000000
__Lintsave_regs            intsave_regs 000000
__Lirdata                  irdata       000000
__Lmediumconst             mediumconst  000000
__LnvFARRAM                nvFARRAM     000000
__Lnvbit                   nvbit        000000
__Lnvrram                  nvrram       000000
__Lparam                   rparam       000000
__Lpowerup                 powerup      00000E
__Lram                     ram          000000
__Lramtop                  ramtop       000800
__Lrbit                    rbit         000000
__Lrbss                    rbss         000000
__Lrdata                   rdata        000000
__Lreset_vec               reset_vec    000000
__Lrparam                  rparam       000000
__Lsfr                     sfr          000000
__Lsmallconst              smallconst   000800
__Lspace_0                 (abs)        000000
__Lspace_1                 (abs)        000000
__Lspace_2                 (abs)        000000
__Lstack                   stack        000000
__Lstruct                  struct       000000
__Ltemp                    temp         000032
__Ltext                    text         000000
__Ltext0                   text0        000000
__Ltext1                   text1        000000
__Ltext2                   text2        000000
__Ltext3                   text3        000000
__Ltext4                   text4        000000
__Ltext5                   text5        000000
__Ltext7                   text7        000000
__S0                       (abs)        30000E
__S1                       (abs)        000033
__S2                       (abs)        000000
___aldiv                   text2        000A06
___aldiv@counter           cstackCOMRAM 000018
___aldiv@dividend          cstackCOMRAM 000010
___aldiv@divisor           cstackCOMRAM 000014
___aldiv@quotient          cstackCOMRAM 00001A
___aldiv@sign              cstackCOMRAM 000019
___inthi_sp                stack        000000
___intlo_sp                stack        000000
___param_bank              (abs)        000000
___rparam_used             (abs)        000001
___sp                      stack        000000
__accesstop                (abs)        000060
__activetblptr             (abs)        000001
__end_of_ISR               intcode_body 000B54
__end_of___aldiv           text2        000AD2
__end_of__initialization   cinit        000BC6
__end_of_main              text0        000A06
__end_of_printSerial       text4        000BC4
__end_of_printSerialnl     text3        000B92
__end_of_sendDataSerial    text5        000BE4
__end_of_startSerial       text1        00091E
__end_ofi2_sendDataSerial  text7        000BF0
__initialization           cinit        000BC4
__mediumconst              mediumconst  000000
__pbssCOMRAM               bssCOMRAM    000031
__pcinit                   cinit        000BC4
__pcstackCOMRAM            cstackCOMRAM 000001
__pintcode                 intcode      000008
__pintcode_body            intcode_body 000AD2
__psmallconst              smallconst   000800
__ptext0                   text0        00091E
__ptext1                   text1        000816
__ptext2                   text2        000A06
__ptext3                   text3        000B54
__ptext4                   text4        000B92
__ptext5                   text5        000BD8
__ptext7                   text7        000BE4
__ramtop                   ramtop       000800
__size_of_ISR              (abs)        000000
__size_of___aldiv          (abs)        000000
__size_of_main             (abs)        000000
__size_of_printSerial      (abs)        000000
__size_of_printSerialnl    (abs)        000000
__size_of_sendDataSerial   (abs)        000000
__size_of_startSerial      (abs)        000000
__size_ofi2_sendDataSerial (abs)        000000
__smallconst               smallconst   000800
_aux                       bssCOMRAM    000031
_main                      text0        00091E
_printSerial               text4        000B92
_printSerialnl             text3        000B54
_sendDataSerial            text5        000BD8
_startSerial               text1        000816
_startSerial$971           cstackCOMRAM 000028
btemp                      temp         000032
end_of_initialization      cinit        000BC6
i2_sendDataSerial          text7        000BE4
i2sendDataSerial@c         cstackCOMRAM 000001
int$flags                  temp         000032
int_func                   intcode_body 000AD2
intlevel0                  text         000000
intlevel1                  text         000000
intlevel2                  text         000000
intlevel3                  text         000000
main@l                     cstackCOMRAM 000030
printSerial@String         cstackCOMRAM 000011
printSerial@p              cstackCOMRAM 000013
printSerialnl@String       cstackCOMRAM 000011
printSerialnl@p            cstackCOMRAM 000013
sendDataSerial@c           cstackCOMRAM 000010
stackhi                    (abs)        0007FF
stacklo                    (abs)        000060
start                      init         00000E
startSerial@FOSC           cstackCOMRAM 000020
startSerial@baudrate       cstackCOMRAM 00001E
startSerial@brg_16         cstackCOMRAM 000026
startSerial@mode           cstackCOMRAM 000024
startSerial@n              cstackCOMRAM 00002C
start_initialization       cinit        000BC4


FUNCTION INFORMATION:

 *************** function _main *****************
 Defined at:
		line 93 in file "main.c"
 Parameters:    Size  Location     Type
		None
 Auto vars:     Size  Location     Type
  l               1   47[COMRAM] unsigned char 
 Return value:  Size  Location     Type
                  1    wreg      void 
 Registers used:
		wreg, status,2, status,0, tblptrl, tblptrh, tblptru, cstack
 Tracked objects:
		On entry : 
		On exit  : 
		Unchanged: 
 Data sizes:     COMRAM   BANK0   BANK1   BANK2   BANK3   BANK4   BANK5   BANK6   BANK7
      Params:         0       0       0       0       0       0       0       0       0
      Locals:         1       0       0       0       0       0       0       0       0
      Temps:          2       0       0       0       0       0       0       0       0
      Totals:         3       0       0       0       0       0       0       0       0
Total ram usage:        3 bytes
 Hardware stack levels required when called:    4
 This function calls:
		_printSerial
		_printSerialnl
		_sendDataSerial
		_startSerial
 This function is called by:
		Startup code after reset
 This function uses a non-reentrant model


 *************** function _startSerial *****************
 Defined at:
		line 6 in file "Serial.h"
 Parameters:    Size  Location     Type
  baudrate        2   29[COMRAM] int 
  FOSC            4   31[COMRAM] long 
  mode            2   35[COMRAM] int 
  brg_16          2   37[COMRAM] int 
 Auto vars:     Size  Location     Type
  n               2   43[COMRAM] int 
 Return value:  Size  Location     Type
                  1    wreg      void 
 Registers used:
		wreg, status,2, status,0, cstack
 Tracked objects:
		On entry : 
		On exit  : 
		Unchanged: 
 Data sizes:     COMRAM   BANK0   BANK1   BANK2   BANK3   BANK4   BANK5   BANK6   BANK7
      Params:        10       0       0       0       0       0       0       0       0
      Locals:         6       0       0       0       0       0       0       0       0
      Temps:          0       0       0       0       0       0       0       0       0
      Totals:        16       0       0       0       0       0       0       0       0
Total ram usage:       16 bytes
 Hardware stack levels used:    1
 Hardware stack levels required when called:    3
 This function calls:
		___aldiv
 This function is called by:
		_main
 This function uses a non-reentrant model


 *************** function ___aldiv *****************
 Defined at:
		line 8 in file "C:\Program Files (x86)\Microchip\xc8\v1.42\sources\common\aldiv.c"
 Parameters:    Size  Location     Type
  dividend        4   15[COMRAM] long 
  divisor         4   19[COMRAM] long 
 Auto vars:     Size  Location     Type
  quotient        4   25[COMRAM] long 
  sign            1   24[COMRAM] unsigned char 
  counter         1   23[COMRAM] unsigned char 
 Return value:  Size  Location     Type
                  4   15[COMRAM] long 
 Registers used:
		wreg, status,2, status,0
 Tracked objects:
		On entry : 
		On exit  : 
		Unchanged: 
 Data sizes:     COMRAM   BANK0   BANK1   BANK2   BANK3   BANK4   BANK5   BANK6   BANK7
      Params:         8       0       0       0       0       0       0       0       0
      Locals:         6       0       0       0       0       0       0       0       0
      Temps:          0       0       0       0       0       0       0       0       0
      Totals:        14       0       0       0       0       0       0       0       0
Total ram usage:       14 bytes
 Hardware stack levels used:    1
 Hardware stack levels required when called:    2
 This function calls:
		Nothing
 This function is called by:
		_startSerial
 This function uses a non-reentrant model


 *************** function _printSerialnl *****************
 Defined at:
		line 65 in file "Serial.h"
 Parameters:    Size  Location     Type
  String          2   16[COMRAM] PTR unsigned char 
		 -> STR_4(2), 
 Auto vars:     Size  Location     Type
  p               2   18[COMRAM] PTR unsigned char 
		 -> STR_4(2), 
 Return value:  Size  Location     Type
                  1    wreg      void 
 Registers used:
		wreg, status,2, status,0, tblptrl, tblptrh, tblptru, cstack
 Tracked objects:
		On entry : 
		On exit  : 
		Unchanged: 
 Data sizes:     COMRAM   BANK0   BANK1   BANK2   BANK3   BANK4   BANK5   BANK6   BANK7
      Params:         2       0       0       0       0       0       0       0       0
      Locals:         2       0       0       0       0       0       0       0       0
      Temps:          0       0       0       0       0       0       0       0       0
      Totals:         4       0       0       0       0       0       0       0       0
Total ram usage:        4 bytes
 Hardware stack levels used:    1
 Hardware stack levels required when called:    3
 This function calls:
		_sendDataSerial
 This function is called by:
		_main
 This function uses a non-reentrant model


 *************** function _printSerial *****************
 Defined at:
		line 55 in file "Serial.h"
 Parameters:    Size  Location     Type
  String          2   16[COMRAM] PTR unsigned char 
		 -> STR_3(2), STR_2(2), STR_1(17), 
 Auto vars:     Size  Location     Type
  p               2   18[COMRAM] PTR unsigned char 
		 -> STR_3(2), STR_2(2), STR_1(17), 
 Return value:  Size  Location     Type
                  1    wreg      void 
 Registers used:
		wreg, status,2, status,0, tblptrl, tblptrh, tblptru, cstack
 Tracked objects:
		On entry : 
		On exit  : 
		Unchanged: 
 Data sizes:     COMRAM   BANK0   BANK1   BANK2   BANK3   BANK4   BANK5   BANK6   BANK7
      Params:         2       0       0       0       0       0       0       0       0
      Locals:         2       0       0       0       0       0       0       0       0
      Temps:          0       0       0       0       0       0       0       0       0
      Totals:         4       0       0       0       0       0       0       0       0
Total ram usage:        4 bytes
 Hardware stack levels used:    1
 Hardware stack levels required when called:    3
 This function calls:
		_sendDataSerial
 This function is called by:
		_main
 This function uses a non-reentrant model


 *************** function _sendDataSerial *****************
 Defined at:
		line 49 in file "Serial.h"
 Parameters:    Size  Location     Type
  c               1    wreg     unsigned char 
 Auto vars:     Size  Location     Type
  c               1   15[COMRAM] unsigned char 
 Return value:  Size  Location     Type
                  1    wreg      void 
 Registers used:
		wreg
 Tracked objects:
		On entry : 
		On exit  : 
		Unchanged: 
 Data sizes:     COMRAM   BANK0   BANK1   BANK2   BANK3   BANK4   BANK5   BANK6   BANK7
      Params:         0       0       0       0       0       0       0       0       0
      Locals:         1       0       0       0       0       0       0       0       0
      Temps:          0       0       0       0       0       0       0       0       0
      Totals:         1       0       0       0       0       0       0       0       0
Total ram usage:        1 bytes
 Hardware stack levels used:    1
 Hardware stack levels required when called:    2
 This function calls:
		Nothing
 This function is called by:
		_printSerial
		_printSerialnl
		_main
 This function uses a non-reentrant model


 *************** function _ISR *****************
 Defined at:
		line 86 in file "main.c"
 Parameters:    Size  Location     Type
		None
 Auto vars:     Size  Location     Type
		None
 Return value:  Size  Location     Type
                  1    wreg      void 
 Registers used:
		wreg, status,2, cstack
 Tracked objects:
		On entry : 
		On exit  : 
		Unchanged: 
 Data sizes:     COMRAM   BANK0   BANK1   BANK2   BANK3   BANK4   BANK5   BANK6   BANK7
      Params:         0       0       0       0       0       0       0       0       0
      Locals:         0       0       0       0       0       0       0       0       0
      Temps:         14       0       0       0       0       0       0       0       0
      Totals:        14       0       0       0       0       0       0       0       0
Total ram usage:       14 bytes
 Hardware stack levels used:    1
 Hardware stack levels required when called:    1
 This function calls:
		i2_sendDataSerial
 This function is called by:
		Interrupt level 2
 This function uses a non-reentrant model


 *************** function i2_sendDataSerial *****************
 Defined at:
		line 49 in file "Serial.h"
 Parameters:    Size  Location     Type
  c               1    wreg     unsigned char 
 Auto vars:     Size  Location     Type
  c               1    0[COMRAM] unsigned char 
 Return value:  Size  Location     Type
                  1    wreg      void 
 Registers used:
		wreg
 Tracked objects:
		On entry : 
		On exit  : 
		Unchanged: 
 Data sizes:     COMRAM   BANK0   BANK1   BANK2   BANK3   BANK4   BANK5   BANK6   BANK7
      Params:         0       0       0       0       0       0       0       0       0
      Locals:         1       0       0       0       0       0       0       0       0
      Temps:          0       0       0       0       0       0       0       0       0
      Totals:         1       0       0       0       0       0       0       0       0
Total ram usage:        1 bytes
 Hardware stack levels used:    1
 This function calls:
		Nothing
 This function is called by:
		_ISR
 This function uses a non-reentrant model



MODULE INFORMATION

Module		Function		Class		Link	Load	Size
C:\Program Files (x86)\Microchip\xc8\v1.42\sources\common\aldiv.c
		___aldiv       		CODE           	0A06	0000	205

C:\Program Files (x86)\Microchip\xc8\v1.42\sources\common\aldiv.c estimated size: 205

Serial.h
		_printSerial   		CODE           	0B92	0000	51
		_startSerial   		CODE           	0816	0000	265
		_printSerialnl 		CODE           	0B54	0000	63
		_sendDataSerial		CODE           	0BD8	0000	13

Serial.h estimated size: 392

shared
		__initialization		CODE           	0BC4	0000	3
		i2_sendDataSerial		CODE           	0BE4	0000	13

shared estimated size: 16

main.c
		_ISR           		CODE           	0008	0000	137
		_main          		CODE           	091E	0000	233

main.c estimated size: 370

